Sending POST to http://127.0.0.1:8000/api/messages...
Status Code: 500
Response Body: {"detail":"ERROR: Required Authorization token was not supplied\nTraceback (most recent call last):\n  File \"C:\\Users\\akord\\.gemini\\antigravity\\scratch\\open-source-ai-hr-agent\\src\\api\\server.py\", line 251, in messages\n    response = await adapter.process_activity(activity, auth_header, teams_bot.on_turn)\n               ^^^^^^^^^^^^^^^^^^^^^^^^^^^^^^^^^^^^^^^^^^^^^^^^^^^^^^^^^^^^^^^^^^^^^^^^\n  File \"C:\\Users\\akord\\.gemini\\antigravity\\scratch\\open-source-ai-hr-agent\\venv\\Lib\\site-packages\\botbuilder\\core\\bot_framework_adapter.py\", line 444, in process_activity\n    identity = await self._authenticate_request(activity, auth_header)\n               ^^^^^^^^^^^^^^^^^^^^^^^^^^^^^^^^^^^^^^^^^^^^^^^^^^^^^^^\n  File \"C:\\Users\\akord\\.gemini\\antigravity\\scratch\\open-source-ai-hr-agent\\venv\\Lib\\site-packages\\botbuilder\\core\\bot_framework_adapter.py\", line 553, in _authenticate_request\n    claims = await JwtTokenValidation.authenticate_request(\n             ^^^^^^^^^^^^^^^^^^^^^^^^^^^^^^^^^^^^^^^^^^^^^^\n  File \"C:\\Users\\akord\\.gemini\\antigravity\\scratch\\open-source-ai-hr-agent\\venv\\Lib\\site-packages\\botframework\\connector\\auth\\jwt_token_validation.py\", line 49, in authenticate_request\n    raise PermissionError(\"Required Authorization token was not supplied\")\nPermissionError: Required Authorization token was not supplied\n"}
